<html>
<body>
<pre>
<h1>µVision Build Log</h1>
<h2>Project:</h2>
C:\Users\sword\Desktop\ee445m\lab1\lab1.uvproj
Project File Date:  02/07/2019

<h2>Output:</h2>
Rebuild target 'lab1'
assembling startup.s...
compiling PLL.c...
compiling ST7735.c...
compiling main.c...
compiling UART.c...
compiling Output.c...
compiling ADC0.c...
compiling OS.c...
compiling String_Ops.c...
compiling Commands.c...
linking...
Program Size: Code=7784 RO-data=2200 RW-data=304 ZI-data=1144  
".\lab1.axf" - 0 Error(s), 0 Warning(s).
Load "C:\\Users\\sword\\Desktop\\ee445m\\lab1\\lab1.axf" 
Connecting: Mode=JTAG, Speed=1000000Hz
Erase Done.
Programming Done.
Verify OK.
</pre>
</body>
</html>
sktop\\ee445m\\lab1\\lab1.axf" 
Connecting: Mode=JTAG, Speed=1000000Hz
Erase Done.
Programming Done.
Verify OK.
